Uncaught TypeError: Cannot set properties of null (setting 'diag-health') at 505:31
TypeError: Cannot set properties of null (setting 'diag-health')
    at file:///C:/Users/User/Desktop/opt_project/ui/modules/js/core.js:505:31
Unhandled promise rejection: Error: Error invoking remote method 'is-admin': Error: No handler registered for 'is-admin'
Error: Error invoking remote method 'is-admin': Error: No handler registered for 'is-admin'
    at IpcRenderer.invoke (node:electron/js2c/renderer_init:2:9706)
    at async checkAdmin (file:///C:/Users/User/Desktop/opt_project/ui/modules/js/core.js:40:21)
Unhandled promise rejection: Error: Error invoking remote method 'get-disk-io': Error: No handler registered for 'get-disk-io'
Error: Error invoking remote method 'get-disk-io': Error: No handler registered for 'get-disk-io'
    at IpcRenderer.invoke (node:electron/js2c/renderer_init:2:9706)
    at async Object.loadDiskIO [as mon-disk] (file:///C:/Users/User/Desktop/opt_project/ui/modules/js/monitor.js:60:18)
Unhandled promise rejection: Error: Error invoking remote method 'get-health-score': Error: No handler registered for 'get-health-score'
Error: Error invoking remote method 'get-health-score': Error: No handler registered for 'get-health-score'
    at IpcRenderer.invoke (node:electron/js2c/renderer_init:2:9706)
    at async refreshHealthScore (file:///C:/Users/User/Desktop/opt_project/ui/modules/js/core.js:454:18)
Unhandled promise rejection: Error: Error invoking remote method 'get-smart-profile': Error: No handler registered for 'get-smart-profile'
Error: Error invoking remote method 'get-smart-profile': Error: No handler registered for 'get-smart-profile'
    at IpcRenderer.invoke (node:electron/js2c/renderer_init:2:9706)
    at async Object.loadGpuMonitor [as mon-gpu] (file:///C:/Users/User/Desktop/opt_project/ui/modules/js/monitor.js:219:18)
Unhandled promise rejection: Error: Error invoking remote method 'gaming-mode-status': Error: No handler registered for 'gaming-mode-status'
Error: Error invoking remote method 'gaming-mode-status': Error: No handler registered for 'gaming-mode-status'
    at IpcRenderer.invoke (node:electron/js2c/renderer_init:2:9706)
    at async Object.loadGamingMode [as perf-gaming] (file:///C:/Users/User/Desktop/opt_project/ui/modules/js/performance.js:125:20)
Unhandled promise rejection: Error: Error invoking remote method 'get-power-plan': Error: No handler registered for 'get-power-plan'
Error: Error invoking remote method 'get-power-plan': Error: No handler registered for 'get-power-plan'
    at IpcRenderer.invoke (node:electron/js2c/renderer_init:2:9706)
    at async Object.loadPowerPlans [as perf-power] (file:///C:/Users/User/Desktop/opt_project/ui/modules/js/performance.js:102:18)
Unhandled promise rejection: Error: Error invoking remote method 'get-privacy-settings': Error: No handler registered for 'get-privacy-settings'
Error: Error invoking remote method 'get-privacy-settings': Error: No handler registered for 'get-privacy-settings'
    at IpcRenderer.invoke (node:electron/js2c/renderer_init:2:9706)
    at async Object.loadPrivacy [as privacy] (file:///C:/Users/User/Desktop/opt_project/ui/modules/js/privacy-security.js:5:22)
Unhandled promise rejection: Error: Error invoking remote method 'get-battery': Error: No handler registered for 'get-battery'
Error: Error invoking remote method 'get-battery': Error: No handler registered for 'get-battery'
    at IpcRenderer.invoke (node:electron/js2c/renderer_init:2:9706)
    at async Object.loadBattery [as diag-battery] (file:///C:/Users/User/Desktop/opt_project/ui/modules/js/diagnostics.js:5:18)
Unhandled promise rejection: Error: Error invoking remote method 'get-security-status': Error: No handler registered for 'get-security-status'
Error: Error invoking remote method 'get-security-status': Error: No handler registered for 'get-security-status'
    at IpcRenderer.invoke (node:electron/js2c/renderer_init:2:9706)
    at async Object.loadSecurity [as security] (file:///C:/Users/User/Desktop/opt_project/ui/modules/js/privacy-security.js:29:18)
Unhandled promise rejection: Error: Error invoking remote method 'get-restore-history': Error: No handler registered for 'get-restore-history'
Error: Error invoking remote method 'get-restore-history': Error: No handler registered for 'get-restore-history'
    at IpcRenderer.invoke (node:electron/js2c/renderer_init:2:9706)
    at async Object.loadRestoreCenter [as restore] (file:///C:/Users/User/Desktop/opt_project/ui/modules/js/core.js:915:21)
Unhandled promise rejection: Error: Error invoking remote method 'get-health-score': Error: No handler registered for 'get-health-score'
Error: Error invoking remote method 'get-health-score': Error: No handler registered for 'get-health-score'
    at IpcRenderer.invoke (node:electron/js2c/renderer_init:2:9706)
    at async refreshHealthScore (file:///C:/Users/User/Desktop/opt_project/ui/modules/js/core.js:454:18)
Unhandled promise rejection: Error: Error invoking remote method 'get-health-score': Error: No handler registered for 'get-health-score'
Error: Error invoking remote method 'get-health-score': Error: No handler registered for 'get-health-score'
    at IpcRenderer.invoke (node:electron/js2c/renderer_init:2:9706)
    at async refreshHealthScore (file:///C:/Users/User/Desktop/opt_project/ui/modules/js/core.js:454:18)
Unhandled promise rejection: Error: Error invoking remote method 'get-health-score': Error: No handler registered for 'get-health-score'
Error: Error invoking remote method 'get-health-score': Error: No handler registered for 'get-health-score'
    at IpcRenderer.invoke (node:electron/js2c/renderer_init:2:9706)
    at async refreshHealthScore (file:///C:/Users/User/Desktop/opt_project/ui/modules/js/core.js:454:18)
Unhandled promise rejection: Error: Error invoking remote method 'get-health-score': Error: No handler registered for 'get-health-score'
Error: Error invoking remote method 'get-health-score': Error: No handler registered for 'get-health-score'
    at IpcRenderer.invoke (node:electron/js2c/renderer_init:2:9706)
    at async refreshHealthScore (file:///C:/Users/User/Desktop/opt_project/ui/modules/js/core.js:454:18)
Unhandled promise rejection: Error: Error invoking remote method 'get-health-score': Error: No handler registered for 'get-health-score'
Error: Error invoking remote method 'get-health-score': Error: No handler registered for 'get-health-score'
    at IpcRenderer.invoke (node:electron/js2c/renderer_init:2:9706)
    at async refreshHealthScore (file:///C:/Users/User/Desktop/opt_project/ui/modules/js/core.js:454:18)
Unhandled promise rejection: Error: Error invoking remote method 'get-health-score': Error: No handler registered for 'get-health-score'
Error: Error invoking remote method 'get-health-score': Error: No handler registered for 'get-health-score'
    at IpcRenderer.invoke (node:electron/js2c/renderer_init:2:9706)
    at async refreshHealthScore (file:///C:/Users/User/Desktop/opt_project/ui/modules/js/core.js:454:18)
Uncaught TypeError: Cannot set properties of null (setting 'diag-health') at 505:31
TypeError: Cannot set properties of null (setting 'diag-health')
    at file:///C:/Users/User/Desktop/opt_project/ui/modules/js/core.js:505:31
Unhandled promise rejection: Error: Error invoking remote method 'is-admin': Error: No handler registered for 'is-admin'
Error: Error invoking remote method 'is-admin': Error: No handler registered for 'is-admin'
    at IpcRenderer.invoke (node:electron/js2c/renderer_init:2:9706)
    at async checkAdmin (file:///C:/Users/User/Desktop/opt_project/ui/modules/js/core.js:40:21)
Unhandled promise rejection: Error: Error invoking remote method 'get-health-score': Error: No handler registered for 'get-health-score'
Error: Error invoking remote method 'get-health-score': Error: No handler registered for 'get-health-score'
    at IpcRenderer.invoke (node:electron/js2c/renderer_init:2:9706)
    at async refreshHealthScore (file:///C:/Users/User/Desktop/opt_project/ui/modules/js/core.js:454:18)
Unhandled promise rejection: Error: Error invoking remote method 'get-process-list': Error: No handler registered for 'get-process-list'
Error: Error invoking remote method 'get-process-list': Error: No handler registered for 'get-process-list'
    at IpcRenderer.invoke (node:electron/js2c/renderer_init:2:9706)
    at async Object.loadCpuSection [as mon-cpu] (file:///C:/Users/User/Desktop/opt_project/ui/modules/js/core.js:410:18)
Unhandled promise rejection: Error: Error invoking remote method 'get-smart-profile': Error: No handler registered for 'get-smart-profile'
Error: Error invoking remote method 'get-smart-profile': Error: No handler registered for 'get-smart-profile'
    at IpcRenderer.invoke (node:electron/js2c/renderer_init:2:9706)
    at async Object.loadGpuMonitor [as mon-gpu] (file:///C:/Users/User/Desktop/opt_project/ui/modules/js/monitor.js:219:18)
Unhandled promise rejection: Error: Error invoking remote method 'get-health-score': Error: No handler registered for 'get-health-score'
Error: Error invoking remote method 'get-health-score': Error: No handler registered for 'get-health-score'
    at IpcRenderer.invoke (node:electron/js2c/renderer_init:2:9706)
    at async refreshHealthScore (file:///C:/Users/User/Desktop/opt_project/ui/modules/js/core.js:454:18)
Unhandled promise rejection: Error: Error invoking remote method 'get-health-score': Error: No handler registered for 'get-health-score'
Error: Error invoking remote method 'get-health-score': Error: No handler registered for 'get-health-score'
    at IpcRenderer.invoke (node:electron/js2c/renderer_init:2:9706)
    at async refreshHealthScore (file:///C:/Users/User/Desktop/opt_project/ui/modules/js/core.js:454:18)
Unhandled promise rejection: Error: Error invoking remote method 'get-health-score': Error: No handler registered for 'get-health-score'
Error: Error invoking remote method 'get-health-score': Error: No handler registered for 'get-health-score'
    at IpcRenderer.invoke (node:electron/js2c/renderer_init:2:9706)
    at async refreshHealthScore (file:///C:/Users/User/Desktop/opt_project/ui/modules/js/core.js:454:18)
Unhandled promise rejection: Error: Error invoking remote method 'get-health-score': Error: No handler registered for 'get-health-score'
Error: Error invoking remote method 'get-health-score': Error: No handler registered for 'get-health-score'
    at IpcRenderer.invoke (node:electron/js2c/renderer_init:2:9706)
    at async refreshHealthScore (file:///C:/Users/User/Desktop/opt_project/ui/modules/js/core.js:454:18)
Unhandled promise rejection: Error: Error invoking remote method 'get-health-score': Error: No handler registered for 'get-health-score'
Error: Error invoking remote method 'get-health-score': Error: No handler registered for 'get-health-score'
    at IpcRenderer.invoke (node:electron/js2c/renderer_init:2:9706)
    at async refreshHealthScore (file:///C:/Users/User/Desktop/opt_project/ui/modules/js/core.js:454:18)
Unhandled promise rejection: Error: Error invoking remote method 'get-health-score': Error: No handler registered for 'get-health-score'
Error: Error invoking remote method 'get-health-score': Error: No handler registered for 'get-health-score'
    at IpcRenderer.invoke (node:electron/js2c/renderer_init:2:9706)
    at async refreshHealthScore (file:///C:/Users/User/Desktop/opt_project/ui/modules/js/core.js:454:18)
Unhandled promise rejection: Error: Error invoking remote method 'get-health-score': Error: No handler registered for 'get-health-score'
Error: Error invoking remote method 'get-health-score': Error: No handler registered for 'get-health-score'
    at IpcRenderer.invoke (node:electron/js2c/renderer_init:2:9706)
    at async refreshHealthScore (file:///C:/Users/User/Desktop/opt_project/ui/modules/js/core.js:454:18)
Unhandled promise rejection: Error: Error invoking remote method 'toggle-nvidia-preset': Error: No handler registered for 'toggle-nvidia-preset'
Error: Error invoking remote method 'toggle-nvidia-preset': Error: No handler registered for 'toggle-nvidia-preset'
    at IpcRenderer.invoke (node:electron/js2c/renderer_init:2:9706)
    at async HTMLInputElement.<anonymous> (file:///C:/Users/User/Desktop/opt_project/ui/modules/js/monitor.js:345:20)
Unhandled promise rejection: Error: Error invoking remote method 'get-health-score': Error: No handler registered for 'get-health-score'
Error: Error invoking remote method 'get-health-score': Error: No handler registered for 'get-health-score'
    at IpcRenderer.invoke (node:electron/js2c/renderer_init:2:9706)
    at async refreshHealthScore (file:///C:/Users/User/Desktop/opt_project/ui/modules/js/core.js:454:18)
Unhandled promise rejection: Error: Error invoking remote method 'get-health-score': Error: No handler registered for 'get-health-score'
Error: Error invoking remote method 'get-health-score': Error: No handler registered for 'get-health-score'
    at IpcRenderer.invoke (node:electron/js2c/renderer_init:2:9706)
    at async refreshHealthScore (file:///C:/Users/User/Desktop/opt_project/ui/modules/js/core.js:454:18)
Unhandled promise rejection: Error: Error invoking remote method 'get-health-score': Error: No handler registered for 'get-health-score'
Error: Error invoking remote method 'get-health-score': Error: No handler registered for 'get-health-score'
    at IpcRenderer.invoke (node:electron/js2c/renderer_init:2:9706)
    at async refreshHealthScore (file:///C:/Users/User/Desktop/opt_project/ui/modules/js/core.js:454:18)
Unhandled promise rejection: Error: Error invoking remote method 'get-health-score': Error: No handler registered for 'get-health-score'
Error: Error invoking remote method 'get-health-score': Error: No handler registered for 'get-health-score'
    at IpcRenderer.invoke (node:electron/js2c/renderer_init:2:9706)
    at async refreshHealthScore (file:///C:/Users/User/Desktop/opt_project/ui/modules/js/core.js:454:18)
Uncaught TypeError: Cannot set properties of null (setting 'diag-health') at 505:31
TypeError: Cannot set properties of null (setting 'diag-health')
    at file:///C:/Users/User/Desktop/opt_project/ui/modules/js/core.js:505:31
Unhandled promise rejection: Error: Error invoking remote method 'is-admin': Error: No handler registered for 'is-admin'
Error: Error invoking remote method 'is-admin': Error: No handler registered for 'is-admin'
    at IpcRenderer.invoke (node:electron/js2c/renderer_init:2:9706)
    at async checkAdmin (file:///C:/Users/User/Desktop/opt_project/ui/modules/js/core.js:40:21)
Unhandled promise rejection: Error: Error invoking remote method 'get-process-list': Error: No handler registered for 'get-process-list'
Error: Error invoking remote method 'get-process-list': Error: No handler registered for 'get-process-list'
    at IpcRenderer.invoke (node:electron/js2c/renderer_init:2:9706)
    at async Object.loadCpuSection [as mon-cpu] (file:///C:/Users/User/Desktop/opt_project/ui/modules/js/core.js:410:18)
Unhandled promise rejection: Error: Error invoking remote method 'get-smart-profile': Error: No handler registered for 'get-smart-profile'
Error: Error invoking remote method 'get-smart-profile': Error: No handler registered for 'get-smart-profile'
    at IpcRenderer.invoke (node:electron/js2c/renderer_init:2:9706)
    at async Object.loadGpuMonitor [as mon-gpu] (file:///C:/Users/User/Desktop/opt_project/ui/modules/js/monitor.js:219:18)
Unhandled promise rejection: Error: Error invoking remote method 'get-health-score': Error: No handler registered for 'get-health-score'
Error: Error invoking remote method 'get-health-score': Error: No handler registered for 'get-health-score'
    at IpcRenderer.invoke (node:electron/js2c/renderer_init:2:9706)
    at async refreshHealthScore (file:///C:/Users/User/Desktop/opt_project/ui/modules/js/core.js:454:18)
Unhandled promise rejection: Error: Error invoking remote method 'get-health-score': Error: No handler registered for 'get-health-score'
Error: Error invoking remote method 'get-health-score': Error: No handler registered for 'get-health-score'
    at IpcRenderer.invoke (node:electron/js2c/renderer_init:2:9706)
    at async refreshHealthScore (file:///C:/Users/User/Desktop/opt_project/ui/modules/js/core.js:454:18)
Unhandled promise rejection: Error: Error invoking remote method 'get-health-score': Error: No handler registered for 'get-health-score'
Error: Error invoking remote method 'get-health-score': Error: No handler registered for 'get-health-score'
    at IpcRenderer.invoke (node:electron/js2c/renderer_init:2:9706)
    at async refreshHealthScore (file:///C:/Users/User/Desktop/opt_project/ui/modules/js/core.js:454:18)
Unhandled promise rejection: Error: Error invoking remote method 'get-health-score': Error: No handler registered for 'get-health-score'
Error: Error invoking remote method 'get-health-score': Error: No handler registered for 'get-health-score'
    at IpcRenderer.invoke (node:electron/js2c/renderer_init:2:9706)
    at async refreshHealthScore (file:///C:/Users/User/Desktop/opt_project/ui/modules/js/core.js:454:18)
Unhandled promise rejection: Error: Error invoking remote method 'get-health-score': Error: No handler registered for 'get-health-score'
Error: Error invoking remote method 'get-health-score': Error: No handler registered for 'get-health-score'
    at IpcRenderer.invoke (node:electron/js2c/renderer_init:2:9706)
    at async refreshHealthScore (file:///C:/Users/User/Desktop/opt_project/ui/modules/js/core.js:454:18)
Unhandled promise rejection: Error: Error invoking remote method 'get-health-score': Error: No handler registered for 'get-health-score'
Error: Error invoking remote method 'get-health-score': Error: No handler registered for 'get-health-score'
    at IpcRenderer.invoke (node:electron/js2c/renderer_init:2:9706)
    at async refreshHealthScore (file:///C:/Users/User/Desktop/opt_project/ui/modules/js/core.js:454:18)
Unhandled promise rejection: Error: Error invoking remote method 'get-health-score': Error: No handler registered for 'get-health-score'
Error: Error invoking remote method 'get-health-score': Error: No handler registered for 'get-health-score'
    at IpcRenderer.invoke (node:electron/js2c/renderer_init:2:9706)
    at async refreshHealthScore (file:///C:/Users/User/Desktop/opt_project/ui/modules/js/core.js:454:18)
Unhandled promise rejection: Error: Error invoking remote method 'get-health-score': Error: No handler registered for 'get-health-score'
Error: Error invoking remote method 'get-health-score': Error: No handler registered for 'get-health-score'
    at IpcRenderer.invoke (node:electron/js2c/renderer_init:2:9706)
    at async refreshHealthScore (file:///C:/Users/User/Desktop/opt_project/ui/modules/js/core.js:454:18)
Unhandled promise rejection: Error: Error invoking remote method 'get-health-score': Error: No handler registered for 'get-health-score'
Error: Error invoking remote method 'get-health-score': Error: No handler registered for 'get-health-score'
    at IpcRenderer.invoke (node:electron/js2c/renderer_init:2:9706)
    at async refreshHealthScore (file:///C:/Users/User/Desktop/opt_project/ui/modules/js/core.js:454:18)
Unhandled promise rejection: Error: Error invoking remote method 'get-health-score': Error: No handler registered for 'get-health-score'
Error: Error invoking remote method 'get-health-score': Error: No handler registered for 'get-health-score'
    at IpcRenderer.invoke (node:electron/js2c/renderer_init:2:9706)
    at async refreshHealthScore (file:///C:/Users/User/Desktop/opt_project/ui/modules/js/core.js:454:18)
Unhandled promise rejection: Error: Error invoking remote method 'get-health-score': Error: No handler registered for 'get-health-score'
Error: Error invoking remote method 'get-health-score': Error: No handler registered for 'get-health-score'
    at IpcRenderer.invoke (node:electron/js2c/renderer_init:2:9706)
    at async refreshHealthScore (file:///C:/Users/User/Desktop/opt_project/ui/modules/js/core.js:454:18)
Unhandled promise rejection: Error: Error invoking remote method 'get-health-score': Error: No handler registered for 'get-health-score'
Error: Error invoking remote method 'get-health-score': Error: No handler registered for 'get-health-score'
    at IpcRenderer.invoke (node:electron/js2c/renderer_init:2:9706)
    at async refreshHealthScore (file:///C:/Users/User/Desktop/opt_project/ui/modules/js/core.js:454:18)
Unhandled promise rejection: Error: Error invoking remote method 'get-health-score': Error: No handler registered for 'get-health-score'
Error: Error invoking remote method 'get-health-score': Error: No handler registered for 'get-health-score'
    at IpcRenderer.invoke (node:electron/js2c/renderer_init:2:9706)
    at async refreshHealthScore (file:///C:/Users/User/Desktop/opt_project/ui/modules/js/core.js:454:18)
Unhandled promise rejection: Error: Error invoking remote method 'get-health-score': Error: No handler registered for 'get-health-score'
Error: Error invoking remote method 'get-health-score': Error: No handler registered for 'get-health-score'
    at IpcRenderer.invoke (node:electron/js2c/renderer_init:2:9706)
    at async refreshHealthScore (file:///C:/Users/User/Desktop/opt_project/ui/modules/js/core.js:454:18)
Unhandled promise rejection: Error: Error invoking remote method 'get-health-score': Error: No handler registered for 'get-health-score'
Error: Error invoking remote method 'get-health-score': Error: No handler registered for 'get-health-score'
    at IpcRenderer.invoke (node:electron/js2c/renderer_init:2:9706)
    at async refreshHealthScore (file:///C:/Users/User/Desktop/opt_project/ui/modules/js/core.js:454:18)
Unhandled promise rejection: Error: Error invoking remote method 'get-health-score': Error: No handler registered for 'get-health-score'
Error: Error invoking remote method 'get-health-score': Error: No handler registered for 'get-health-score'
    at IpcRenderer.invoke (node:electron/js2c/renderer_init:2:9706)
    at async refreshHealthScore (file:///C:/Users/User/Desktop/opt_project/ui/modules/js/core.js:454:18)
Unhandled promise rejection: Error: Error invoking remote method 'get-health-score': Error: No handler registered for 'get-health-score'
Error: Error invoking remote method 'get-health-score': Error: No handler registered for 'get-health-score'
    at IpcRenderer.invoke (node:electron/js2c/renderer_init:2:9706)
    at async refreshHealthScore (file:///C:/Users/User/Desktop/opt_project/ui/modules/js/core.js:454:18)
Uncaught TypeError: Cannot set properties of null (setting 'diag-health') at 505:31
TypeError: Cannot set properties of null (setting 'diag-health')
    at file:///C:/Users/User/Desktop/opt_project/ui/modules/js/core.js:505:31
Unhandled promise rejection: Error: Error invoking remote method 'is-admin': Error: No handler registered for 'is-admin'
Error: Error invoking remote method 'is-admin': Error: No handler registered for 'is-admin'
    at IpcRenderer.invoke (node:electron/js2c/renderer_init:2:9706)
    at async checkAdmin (file:///C:/Users/User/Desktop/opt_project/ui/modules/js/core.js:40:21)
Unhandled promise rejection: Error: Error invoking remote method 'get-health-score': Error: No handler registered for 'get-health-score'
Error: Error invoking remote method 'get-health-score': Error: No handler registered for 'get-health-score'
    at IpcRenderer.invoke (node:electron/js2c/renderer_init:2:9706)
    at async refreshHealthScore (file:///C:/Users/User/Desktop/opt_project/ui/modules/js/core.js:454:18)
Unhandled promise rejection: Error: Error invoking remote method 'get-power-plan': Error: No handler registered for 'get-power-plan'
Error: Error invoking remote method 'get-power-plan': Error: No handler registered for 'get-power-plan'
    at IpcRenderer.invoke (node:electron/js2c/renderer_init:2:9706)
    at async Object.loadPowerPlans [as perf-power] (file:///C:/Users/User/Desktop/opt_project/ui/modules/js/performance.js:102:18)
Unhandled promise rejection: Error: Error invoking remote method 'gaming-mode-status': Error: No handler registered for 'gaming-mode-status'
Error: Error invoking remote method 'gaming-mode-status': Error: No handler registered for 'gaming-mode-status'
    at IpcRenderer.invoke (node:electron/js2c/renderer_init:2:9706)
    at async Object.loadGamingMode [as perf-gaming] (file:///C:/Users/User/Desktop/opt_project/ui/modules/js/performance.js:125:20)
Unhandled promise rejection: Error: Error invoking remote method 'get-disk-health': Error: No handler registered for 'get-disk-health'
Error: Error invoking remote method 'get-disk-health': Error: No handler registered for 'get-disk-health'
    at IpcRenderer.invoke (node:electron/js2c/renderer_init:2:9706)
    at async Object.loadDiskHealth [as diag-disk] (file:///C:/Users/User/Desktop/opt_project/ui/modules/js/monitor.js:116:18)
Unhandled promise rejection: Error: Error invoking remote method 'get-health-score': Error: No handler registered for 'get-health-score'
Error: Error invoking remote method 'get-health-score': Error: No handler registered for 'get-health-score'
    at IpcRenderer.invoke (node:electron/js2c/renderer_init:2:9706)
    at async refreshHealthScore (file:///C:/Users/User/Desktop/opt_project/ui/modules/js/core.js:454:18)
Unhandled promise rejection: Error: Error invoking remote method 'get-health-score': Error: No handler registered for 'get-health-score'
Error: Error invoking remote method 'get-health-score': Error: No handler registered for 'get-health-score'
    at IpcRenderer.invoke (node:electron/js2c/renderer_init:2:9706)
    at async refreshHealthScore (file:///C:/Users/User/Desktop/opt_project/ui/modules/js/core.js:454:18)
Unhandled promise rejection: Error: Error invoking remote method 'get-health-score': Error: No handler registered for 'get-health-score'
Error: Error invoking remote method 'get-health-score': Error: No handler registered for 'get-health-score'
    at IpcRenderer.invoke (node:electron/js2c/renderer_init:2:9706)
    at async refreshHealthScore (file:///C:/Users/User/Desktop/opt_project/ui/modules/js/core.js:454:18)
Unhandled promise rejection: Error: Error invoking remote method 'get-health-score': Error: No handler registered for 'get-health-score'
Error: Error invoking remote method 'get-health-score': Error: No handler registered for 'get-health-score'
    at IpcRenderer.invoke (node:electron/js2c/renderer_init:2:9706)
    at async refreshHealthScore (file:///C:/Users/User/Desktop/opt_project/ui/modules/js/core.js:454:18)
